MPLINK 5.09, LINKER
Linker Map File - Created Tue Apr 02 16:40:42 2024

                                 Section Info
                  Section       Type    Address   Location Size(Bytes)
                ---------  ---------  ---------  ---------  ---------
                   .org_0       code   0x000000    program   0x000004
                   .cinit    romdata   0x000002    program   0x000004
                   .org_1       code   0x000004    program   0x000192
.config_2007_BUILD/DEFAULT/PRODUCTION/16F887T       code   0x002007    program   0x000002
.config_2008_BUILD/DEFAULT/PRODUCTION/16F887T       code   0x002008    program   0x000002
                   .org_2       code   0x002100    program   0x00000a



                              Program Memory Usage 
                               Start         End      
                           ---------   ---------      
                            0x000000    0x0000cc      
                            0x002007    0x002008      
                            0x002100    0x002104      
            212 out of 8455 program addresses used, program memory utilization is 2%



                              Symbols - Sorted by Name
                     Name    Address   Location    Storage File                     
                ---------  ---------  ---------  --------- ---------                
       ISR_CONVERSION_ADC   0x00000d    program     static C:\Users\Joao\Desktop\TP1_Microcontroladores.X\16F887TEMP.ASM
         ISR_INT_EXTERNAL   0x000009    program     static C:\Users\Joao\Desktop\TP1_Microcontroladores.X\16F887TEMP.ASM
                  RESTORE   0x000020    program     static C:\Users\Joao\Desktop\TP1_Microcontroladores.X\16F887TEMP.ASM
                    TABLE   0x00004c    program     static C:\Users\Joao\Desktop\TP1_Microcontroladores.X\16F887TEMP.ASM
                 end_int1   0x000020    program     static C:\Users\Joao\Desktop\TP1_Microcontroladores.X\16F887TEMP.ASM
                 end_int2   0x00001c    program     static C:\Users\Joao\Desktop\TP1_Microcontroladores.X\16F887TEMP.ASM
                     loop   0x00003d    program     static C:\Users\Joao\Desktop\TP1_Microcontroladores.X\16F887TEMP.ASM
                     main   0x000027    program     static C:\Users\Joao\Desktop\TP1_Microcontroladores.X\16F887TEMP.ASM



                              Symbols - Sorted by Address
                     Name    Address   Location    Storage File                     
                ---------  ---------  ---------  --------- ---------                
         ISR_INT_EXTERNAL   0x000009    program     static C:\Users\Joao\Desktop\TP1_Microcontroladores.X\16F887TEMP.ASM
       ISR_CONVERSION_ADC   0x00000d    program     static C:\Users\Joao\Desktop\TP1_Microcontroladores.X\16F887TEMP.ASM
                 end_int2   0x00001c    program     static C:\Users\Joao\Desktop\TP1_Microcontroladores.X\16F887TEMP.ASM
                  RESTORE   0x000020    program     static C:\Users\Joao\Desktop\TP1_Microcontroladores.X\16F887TEMP.ASM
                 end_int1   0x000020    program     static C:\Users\Joao\Desktop\TP1_Microcontroladores.X\16F887TEMP.ASM
                     main   0x000027    program     static C:\Users\Joao\Desktop\TP1_Microcontroladores.X\16F887TEMP.ASM
                     loop   0x00003d    program     static C:\Users\Joao\Desktop\TP1_Microcontroladores.X\16F887TEMP.ASM
                    TABLE   0x00004c    program     static C:\Users\Joao\Desktop\TP1_Microcontroladores.X\16F887TEMP.ASM


